// Jest Snapshot v1, https://goo.gl/fbAQLP

exports[`<Page /> should render as expect 1`] = `
<Page
  name="test-name"
>
  <div
    className="page"
  >
    <ErrorBoundary
      className="global-error"
    >
      <Header
        name="test-name"
      >
        <div
          className="app-header"
        >
          <div
            className="header-name"
          >
            test-name
          </div>
          <Search
            onSearchClick={[Function]}
          >
            <div
              className="search-component"
            >
              <CustomInput
                className="search-field"
                onChange={[Function]}
                onEnter={[Function]}
                title="FIND YOUR MOVIE"
              >
                <div
                  className="search-field"
                >
                  <div
                    className="search-field-title"
                  >
                    FIND YOUR MOVIE
                  </div>
                  <input
                    className="search-field-input"
                    onChange={[Function]}
                    onKeyUp={[Function]}
                  />
                </div>
              </CustomInput>
              <SearchFilter
                onClick={[Function]}
                searchBy="title"
              >
                <ButtonsGroup
                  active="title"
                  group={
                    Object {
                      "buttons": Array [
                        Object {
                          "name": "TITLE",
                          "result": "title",
                        },
                        Object {
                          "name": "GENRE",
                          "result": "genres",
                        },
                      ],
                      "className": "search-filter",
                      "title": "SEARCH BY",
                    }
                  }
                  onClick={[Function]}
                >
                  <div
                    className="search-filter"
                  >
                    <div
                      className="search-filter-title"
                    >
                      SEARCH BY
                    </div>
                    <Button
                      className="search-filter-button active"
                      key="title"
                      name="TITLE"
                      onClick={[Function]}
                    >
                      <button
                        className="btn search-filter-button active"
                        name="TITLE"
                        onClick={[Function]}
                      >
                        TITLE
                      </button>
                    </Button>
                    <Button
                      className="search-filter-button"
                      key="genres"
                      name="GENRE"
                      onClick={[Function]}
                    >
                      <button
                        className="btn search-filter-button"
                        name="GENRE"
                        onClick={[Function]}
                      >
                        GENRE
                      </button>
                    </Button>
                  </div>
                </ButtonsGroup>
              </SearchFilter>
              <Button
                className="search-button active"
                name="SEARCH"
                onClick={[Function]}
              >
                <button
                  className="btn search-button active"
                  name="SEARCH"
                  onClick={[Function]}
                >
                  SEARCH
                </button>
              </Button>
            </div>
          </Search>
          <FilmsResults
            count={0}
            onClick={[Function]}
            sortBy="release_date"
          >
            <div
              className="films-results"
            />
          </FilmsResults>
        </div>
      </Header>
    </ErrorBoundary>
    <ErrorBoundary
      className="global-error"
    >
      <MoviesContainer
        filter={
          Object {
            "search": "",
            "searchBy": "title",
            "sortBy": "release_date",
          }
        }
        getData={[Function]}
        onClick={[Function]}
        onUpdate={[Function]}
      />
    </ErrorBoundary>
  </div>
</Page>
`;
