// Jest Snapshot v1, https://goo.gl/fbAQLP

exports[`<MoviePage /> should render as expect 1`] = `
<div
  className="page"
>
  <Connect(Header)>
    <Button
      className="search-button"
      name="SEARCH"
      onClick={
        [MockFunction] {
          "calls": Array [
            Array [
              Object {
                "preventDefault": [Function],
              },
            ],
          ],
          "results": Array [
            Object {
              "type": "return",
              "value": undefined,
            },
          ],
        }
      }
    />
    <Connect(MovieDetail) />
    <Connect(FilmsByGenre) />
  </Connect(Header)>
  <ErrorBoundary
    className="global-error"
  >
    <Connect(MovieList) />
  </ErrorBoundary>
</div>
`;
